[    0.000000] Initializing cgroup subsys cpuset
[    0.000000] Initializing cgroup subsys cpu
[    0.000000] Initializing cgroup subsys cpuacct
[    0.000000] Linux version 4.4.0-142-generic (buildd@lgw01-amd64-033) (gcc version 5.4.0 20160609 (Ubuntu 5.4.0-6ubuntu1~16.04.10) ) #168-Ubuntu SMP Wed Jan 16 21:00:45 UTC 2019 (Ubuntu 4.4.0-142.168-generic 4.4.167)
[    0.000000] Command line: BOOT_IMAGE=/boot/vmlinuz-4.4.0-142-generic root=LABEL=cloudimg-rootfs ro console=tty1 console=ttyS0
[    0.000000] KERNEL supported cpus:
[    0.000000]   Intel GenuineIntel
[    0.000000]   AMD AuthenticAMD
[    0.000000]   Centaur CentaurHauls
[    0.000000] x86/fpu: xstate_offset[2]:  576, xstate_sizes[2]:  256
[    0.000000] x86/fpu: Supporting XSAVE feature 0x01: 'x87 floating point registers'
[    0.000000] x86/fpu: Supporting XSAVE feature 0x02: 'SSE registers'
[    0.000000] x86/fpu: Supporting XSAVE feature 0x04: 'AVX registers'
[    0.000000] x86/fpu: Enabled xstate features 0x7, context size is 832 bytes, using 'standard' format.
[    0.000000] e820: BIOS-provided physical RAM map:
[    0.000000] BIOS-e820: [mem 0x0000000000000000-0x000000000009fbff] usable
[    0.000000] BIOS-e820: [mem 0x000000000009fc00-0x000000000009ffff] reserved
[    0.000000] BIOS-e820: [mem 0x00000000000f0000-0x00000000000fffff] reserved
[    0.000000] BIOS-e820: [mem 0x0000000000100000-0x000000003ffeffff] usable
[    0.000000] BIOS-e820: [mem 0x000000003fff0000-0x000000003fffffff] ACPI data
[    0.000000] BIOS-e820: [mem 0x00000000fec00000-0x00000000fec00fff] reserved
[    0.000000] BIOS-e820: [mem 0x00000000fee00000-0x00000000fee00fff] reserved
[    0.000000] BIOS-e820: [mem 0x00000000fffc0000-0x00000000ffffffff] reserved
[    0.000000] NX (Execute Disable) protection: active
[    0.000000] SMBIOS 2.5 present.
[    0.000000] Hypervisor detected: KVM
[    0.000000] e820: last_pfn = 0x3fff0 max_arch_pfn = 0x400000000
[    0.000000] MTRR: Disabled
[    0.000000] x86/PAT: MTRRs disabled, skipping PAT initialization too.
[    0.000000] CPU MTRRs all blank - virtualized system.
[    0.000000] x86/PAT: Configuration [0-7]: WB  WT  UC- UC  WB  WT  UC- UC  
[    0.000000] found SMP MP-table at [mem 0x0009fff0-0x0009ffff] mapped at [ffff88000009fff0]
[    0.000000] Scanning 1 areas for low memory corruption
[    0.000000] RAMDISK: [mem 0x3630a000-0x3717cfff]
[    0.000000] ACPI: Early table checksum verification disabled
[    0.000000] ACPI: RSDP 0x00000000000E0000 000024 (v02 VBOX  )
[    0.000000] ACPI: XSDT 0x000000003FFF0030 00003C (v01 VBOX   VBOXXSDT 00000001 ASL  00000061)
[    0.000000] ACPI: FACP 0x000000003FFF00F0 0000F4 (v04 VBOX   VBOXFACP 00000001 ASL  00000061)
[    0.000000] ACPI: DSDT 0x000000003FFF0470 0022EA (v02 VBOX   VBOXBIOS 00000002 INTL 20100528)
[    0.000000] ACPI: FACS 0x000000003FFF0200 000040
[    0.000000] ACPI: FACS 0x000000003FFF0200 000040
[    0.000000] ACPI: APIC 0x000000003FFF0240 00005C (v02 VBOX   VBOXAPIC 00000001 ASL  00000061)
[    0.000000] ACPI: SSDT 0x000000003FFF02A0 0001CC (v01 VBOX   VBOXCPUT 00000002 INTL 20100528)
[    0.000000] No NUMA configuration found
[    0.000000] Faking a node at [mem 0x0000000000000000-0x000000003ffeffff]
[    0.000000] NODE_DATA(0) allocated [mem 0x3ffeb000-0x3ffeffff]
[    0.000000] kvm-clock: Using msrs 4b564d01 and 4b564d00
[    0.000000] kvm-clock: cpu 0, msr 0:3ffe3001, primary cpu clock
[    0.000000] kvm-clock: using sched offset of 4709511808 cycles
[    0.000000] clocksource: kvm-clock: mask: 0xffffffffffffffff max_cycles: 0x1cd42e4dffb, max_idle_ns: 881590591483 ns
[    0.000000] Zone ranges:
[    0.000000]   DMA      [mem 0x0000000000001000-0x0000000000ffffff]
[    0.000000]   DMA32    [mem 0x0000000001000000-0x000000003ffeffff]
[    0.000000]   Normal   empty
[    0.000000]   Device   empty
[    0.000000] Movable zone start for each node
[    0.000000] Early memory node ranges
[    0.000000]   node   0: [mem 0x0000000000001000-0x000000000009efff]
[    0.000000]   node   0: [mem 0x0000000000100000-0x000000003ffeffff]
[    0.000000] Initmem setup node 0 [mem 0x0000000000001000-0x000000003ffeffff]
[    0.000000] ACPI: PM-Timer IO Port: 0x4008
[    0.000000] IOAPIC[0]: apic_id 2, version 32, address 0xfec00000, GSI 0-23
[    0.000000] ACPI: INT_SRC_OVR (bus 0 bus_irq 0 global_irq 2 dfl dfl)
[    0.000000] ACPI: INT_SRC_OVR (bus 0 bus_irq 9 global_irq 9 low level)
[    0.000000] Using ACPI (MADT) for SMP configuration information
[    0.000000] smpboot: Allowing 2 CPUs, 0 hotplug CPUs
[    0.000000] PM: Registered nosave memory: [mem 0x00000000-0x00000fff]
[    0.000000] PM: Registered nosave memory: [mem 0x0009f000-0x0009ffff]
[    0.000000] PM: Registered nosave memory: [mem 0x000a0000-0x000effff]
[    0.000000] PM: Registered nosave memory: [mem 0x000f0000-0x000fffff]
[    0.000000] e820: [mem 0x40000000-0xfebfffff] available for PCI devices
[    0.000000] Booting paravirtualized kernel on KVM
[    0.000000] clocksource: refined-jiffies: mask: 0xffffffff max_cycles: 0xffffffff, max_idle_ns: 7645519600211568 ns
[    0.000000] setup_percpu: NR_CPUS:512 nr_cpumask_bits:512 nr_cpu_ids:2 nr_node_ids:1
[    0.000000] PERCPU: Embedded 34 pages/cpu @ffff88003fc00000 s99480 r8192 d31592 u1048576
[    0.000000] Built 1 zonelists in Node order, mobility grouping on.  Total pages: 257912
[    0.000000] Policy zone: DMA32
[    0.000000] Kernel command line: BOOT_IMAGE=/boot/vmlinuz-4.4.0-142-generic root=LABEL=cloudimg-rootfs ro console=tty1 console=ttyS0
[    0.000000] PID hash table entries: 4096 (order: 3, 32768 bytes)
[    0.000000] Memory: 997736K/1048120K available (8603K kernel code, 1332K rwdata, 4004K rodata, 1484K init, 1316K bss, 50384K reserved, 0K cma-reserved)
[    0.000000] SLUB: HWalign=64, Order=0-3, MinObjects=0, CPUs=2, Nodes=1
[    0.000000] Kernel/User page tables isolation: enabled
[    0.000000] Hierarchical RCU implementation.
[    0.000000] 	Build-time adjustment of leaf fanout to 64.
[    0.000000] 	RCU restricting CPUs from NR_CPUS=512 to nr_cpu_ids=2.
[    0.000000] RCU: Adjusting geometry for rcu_fanout_leaf=64, nr_cpu_ids=2
[    0.000000] NR_IRQS:33024 nr_irqs:440 16
[    0.000000] Console: colour VGA+ 80x25
[    0.000000] console [tty1] enabled
[    0.000000] console [ttyS0] enabled
[    0.000000] tsc: Detected 2593.998 MHz processor
[    0.365542] Calibrating delay loop (skipped) preset value.. 5187.99 BogoMIPS (lpj=10375992)
[    0.370281] pid_max: default: 32768 minimum: 301
[    0.372453] ACPI: Core revision 20150930
[    0.378878] ACPI: 2 ACPI AML tables successfully acquired and loaded
[    0.381887] Security Framework initialized
[    0.383837] Yama: becoming mindful.
[    0.385671] AppArmor: AppArmor initialized
[    0.388106] Dentry cache hash table entries: 131072 (order: 8, 1048576 bytes)
[    0.396359] Inode-cache hash table entries: 65536 (order: 7, 524288 bytes)
[    0.399672] Mount-cache hash table entries: 2048 (order: 2, 16384 bytes)
[    0.402545] Mountpoint-cache hash table entries: 2048 (order: 2, 16384 bytes)
[    0.405886] Initializing cgroup subsys io
[    0.407871] Initializing cgroup subsys memory
[    0.409927] Initializing cgroup subsys devices
[    0.412199] Initializing cgroup subsys freezer
[    0.414256] Initializing cgroup subsys net_cls
[    0.416344] Initializing cgroup subsys perf_event
[    0.418481] Initializing cgroup subsys net_prio
[    0.420798] Initializing cgroup subsys hugetlb
[    0.422860] Initializing cgroup subsys pids
[    0.425982] mce: CPU supports 0 MCE banks
[    0.427995] Last level iTLB entries: 4KB 1024, 2MB 1024, 4MB 1024
[    0.430534] Last level dTLB entries: 4KB 1024, 2MB 1024, 4MB 1024, 1GB 4
[    0.433299] Spectre V2 : Mitigation: Full generic retpoline
[    0.435852] Spectre V2 : Spectre v2 / SpectreRSB mitigation: Filling RSB on context switch
[    0.439841] Speculative Store Bypass: Vulnerable
[    0.448185] Freeing SMP alternatives memory: 32K
[    0.463420] ftrace: allocating 32277 entries in 127 pages
[    0.588237] smpboot: APIC(0) Converting physical 0 to logical package 0
[    0.590917] smpboot: Max logical packages: 1
[    0.593579] x2apic enabled
[    0.595790] Switched APIC routing to physical x2apic.
[    0.600931] ..TIMER: vector=0x30 apic1=0 pin1=2 apic2=-1 pin2=-1
[    0.711874] smpboot: CPU0: Intel(R) Core(TM) i7-4510U CPU @ 2.00GHz (family: 0x6, model: 0x45, stepping: 0x1)
[    0.717740] Performance Events: unsupported p6 CPU model 69 no PMU driver, software events only.
[    0.740546] KVM setup paravirtual spinlock
[    0.743468] x86: Booting SMP configuration:
[    0.745423] .... node  #0, CPUs:      #1
[    0.747253] kvm-clock: cpu 1, msr 0:3ffe3041, secondary cpu clock
[    0.750138] mce: CPU supports 0 MCE banks
[    0.753422] x86: Booted up 1 node, 2 CPUs
[    0.756137] smpboot: Total of 2 processors activated (10375.99 BogoMIPS)
[    0.759719] devtmpfs: initialized
[    0.775830] evm: security.selinux
[    0.777546] evm: security.SMACK64
[    0.779228] evm: security.SMACK64EXEC
[    0.781114] evm: security.SMACK64TRANSMUTE
[    0.783089] evm: security.SMACK64MMAP
[    0.784966] evm: security.ima
[    0.786686] evm: security.capability
[    0.788983] clocksource: jiffies: mask: 0xffffffff max_cycles: 0xffffffff, max_idle_ns: 7645041785100000 ns
[    0.793157] futex hash table entries: 512 (order: 3, 32768 bytes)
[    0.795935] pinctrl core: initialized pinctrl subsystem
[    0.798390] RTC time: 14:54:18, date: 03/15/19
[    0.800737] NET: Registered protocol family 16
[    0.813417] cpuidle: using governor ladder
[    0.825104] cpuidle: using governor menu
[    0.827053] PCCT header not found.
[    0.828976] ACPI: bus type PCI registered
[    0.830904] acpiphp: ACPI Hot Plug PCI Controller Driver version: 0.5
[    0.833747] PCI: Using configuration type 1 for base access
[    0.849841] ACPI: Added _OSI(Module Device)
[    0.851814] ACPI: Added _OSI(Processor Device)
[    0.854037] ACPI: Added _OSI(3.0 _SCP Extensions)
[    0.856152] ACPI: Added _OSI(Processor Aggregator Device)
[    0.860095] ACPI: Executed 1 blocks of module-level executable AML code
[    0.869772] ACPI: Interpreter enabled
[    0.871613] ACPI: (supports S0 S5)
[    0.873379] ACPI: Using IOAPIC for interrupt routing
[    0.876029] PCI: Using host bridge windows from ACPI; if necessary, use "pci=nocrs" and report a bug
[    0.890180] ACPI: PCI Root Bridge [PCI0] (domain 0000 [bus 00-ff])
[    0.892804] acpi PNP0A03:00: _OSC: OS supports [ASPM ClockPM Segments MSI]
[    0.896472] acpi PNP0A03:00: _OSC: not requesting OS control; OS requires [ExtendedConfig ASPM ClockPM MSI]
[    0.900635] acpi PNP0A03:00: fail to add MMCONFIG information, can't access extended PCI configuration space under this bridge.
[    0.906281] PCI host bridge to bus 0000:00
[    0.908201] pci_bus 0000:00: root bus resource [io  0x0000-0x0cf7 window]
[    0.910928] pci_bus 0000:00: root bus resource [io  0x0d00-0xffff window]
[    0.913644] pci_bus 0000:00: root bus resource [mem 0x000a0000-0x000bffff window]
[    0.917462] pci_bus 0000:00: root bus resource [mem 0x40000000-0xfdffffff window]
[    0.921358] pci_bus 0000:00: root bus resource [bus 00-ff]
[    0.926786] pci 0000:00:01.1: legacy IDE quirk: reg 0x10: [io  0x01f0-0x01f7]
[    0.929614] pci 0000:00:01.1: legacy IDE quirk: reg 0x14: [io  0x03f6]
[    0.932218] pci 0000:00:01.1: legacy IDE quirk: reg 0x18: [io  0x0170-0x0177]
[    0.935075] pci 0000:00:01.1: legacy IDE quirk: reg 0x1c: [io  0x0376]
[    0.960619] pci 0000:00:07.0: quirk: [io  0x4000-0x403f] claimed by PIIX4 ACPI
[    0.964118] pci 0000:00:07.0: quirk: [io  0x4100-0x410f] claimed by PIIX4 SMB
[    1.005775] ACPI: PCI Interrupt Link [LNKA] (IRQs 5 9 10 *11)
[    1.009693] ACPI: PCI Interrupt Link [LNKB] (IRQs 5 9 *10 11)
[    1.013589] ACPI: PCI Interrupt Link [LNKC] (IRQs 5 *9 10 11)
[    1.018132] ACPI: PCI Interrupt Link [LNKD] (IRQs 5 9 10 *11)
[    1.022887] ACPI: Enabled 2 GPEs in block 00 to 07
[    1.026205] vgaarb: setting as boot device: PCI:0000:00:02.0
[    1.029018] vgaarb: device added: PCI:0000:00:02.0,decodes=io+mem,owns=io+mem,locks=none
[    1.033357] vgaarb: loaded
[    1.035127] vgaarb: bridge control possible 0000:00:02.0
[    1.038644] SCSI subsystem initialized
[    1.041138] ACPI: bus type USB registered
[    1.043386] usbcore: registered new interface driver usbfs
[    1.046164] usbcore: registered new interface driver hub
[    1.049181] usbcore: registered new device driver usb
[    1.057104] PCI: Using ACPI for IRQ routing
[    1.060182] NetLabel: Initializing
[    1.062222] NetLabel:  domain hash size = 128
[    1.064700] NetLabel:  protocols = UNLABELED CIPSOv4
[    1.067718] NetLabel:  unlabeled traffic allowed by default
[    1.072395] amd_nb: Cannot enumerate AMD northbridges
[    1.075529] clocksource: Switched to clocksource kvm-clock
[    1.105415] AppArmor: AppArmor Filesystem Enabled
[    1.108044] pnp: PnP ACPI init
[    1.112015] pnp: PnP ACPI: found 3 devices
[    1.127850] clocksource: acpi_pm: mask: 0xffffff max_cycles: 0xffffff, max_idle_ns: 2085701024 ns
[    1.132952] NET: Registered protocol family 2
[    1.136113] TCP established hash table entries: 8192 (order: 4, 65536 bytes)
[    1.139527] TCP bind hash table entries: 8192 (order: 5, 131072 bytes)
[    1.142328] TCP: Hash tables configured (established 8192 bind 8192)
[    1.145413] UDP hash table entries: 512 (order: 2, 16384 bytes)
[    1.147923] UDP-Lite hash table entries: 512 (order: 2, 16384 bytes)
[    1.150639] NET: Registered protocol family 1
[    1.152818] pci 0000:00:00.0: Limiting direct PCI/PCI transfers
[    1.155370] pci 0000:00:01.0: Activating ISA DMA hang workarounds
[    1.158260] Unpacking initramfs...
[    1.739226] Freeing initrd memory: 14796K
[    1.741405] RAPL PMU detected, API unit is 2^-32 Joules, 4 fixed counters 10737418240 ms ovfl timer
[    1.745403] hw unit of domain pp0-core 2^-0 Joules
[    1.747526] hw unit of domain package 2^-0 Joules
[    1.749664] hw unit of domain dram 2^-0 Joules
[    1.751681] hw unit of domain pp1-gpu 2^-0 Joules
[    1.754106] platform rtc_cmos: registered platform RTC device (no PNP device found)
[    1.757871] Scanning for low memory corruption every 60 seconds
[    1.761307] audit: initializing netlink subsys (disabled)
[    1.763632] audit: type=2000 audit(1552661665.310:1): initialized
[    1.766719] Initialise system trusted keyring
[    1.769272] HugeTLB registered 2 MB page size, pre-allocated 0 pages
[    1.775400] zbud: loaded
[    1.777440] VFS: Disk quotas dquot_6.6.0
[    1.779347] VFS: Dquot-cache hash table entries: 512 (order 0, 4096 bytes)
[    1.782750] squashfs: version 4.0 (2009/01/31) Phillip Lougher
[    1.786131] fuse init (API version 7.23)
[    1.788592] Key type big_key registered
[    1.790721] Allocating IMA MOK and blacklist keyrings.
[    1.794741] Key type asymmetric registered
[    1.797077] Asymmetric key parser 'x509' registered
[    1.799821] Block layer SCSI generic (bsg) driver version 0.4 loaded (major 249)
[    1.803899] io scheduler noop registered
[    1.805774] io scheduler deadline registered (default)
[    1.808064] io scheduler cfq registered
[    1.810167] pci_hotplug: PCI Hot Plug PCI Core version: 0.5
[    1.812588] pciehp: PCI Express Hot Plug Controller Driver version: 0.4
[    1.815475] ACPI: AC Adapter [AC] (on-line)
[    1.817666] input: Power Button as /devices/LNXSYSTM:00/LNXPWRBN:00/input/input0
[    1.821418] ACPI: Power Button [PWRF]
[    1.823368] input: Sleep Button as /devices/LNXSYSTM:00/LNXSLPBN:00/input/input1
[    1.826979] ACPI: Sleep Button [SLPF]
[    1.830522] ACPI: Battery Slot [BAT0] (battery present)
[    1.832970] GHES: HEST is not enabled!
[    1.835154] Serial: 8250/16550 driver, 32 ports, IRQ sharing enabled
 	
 !"#$%&'()*+,-./0123456789:;<=>?@ABCDEFGHIJKLMNOPQRSTUVWXYZ[\]^_`abcdefghijklmnopqrstuvwxyz{|}~ÄÅÇÉÑÖÜáàâäãåçéèêëíìîïñóòôöõúùûü†°¢£§•¶ß®©™´¨≠ÆØ∞±≤≥¥µ∂∑∏π∫ªºΩæø¿¡¬√ƒ≈∆«»… ÀÃÕŒœ–—“”‘’÷◊ÿŸ⁄€‹›ﬁﬂ‡·‚„‰ÂÊÁËÈÍÎÏÌÓÔÒÚÛÙıˆ˜¯˘˙˚¸˝˛ˇ[    1.860212] 00:02: ttyS0 at I/O 0x3f8 (irq = 4, base_baud = 115200) is a 16550A
[    1.866369] Linux agpgart interface v0.103
[    1.870980] loop: module loaded
[    1.873887] scsi host0: ata_piix
[    1.875771] scsi host1: ata_piix
[    1.877528] ata1: PATA max UDMA/33 cmd 0x1f0 ctl 0x3f6 bmdma 0xd000 irq 14
[    1.880255] ata2: PATA max UDMA/33 cmd 0x170 ctl 0x376 bmdma 0xd008 irq 15
[    1.883742] libphy: Fixed MDIO Bus: probed
[    1.886235] tun: Universal TUN/TAP device driver, 1.6
[    1.888484] tun: (C) 1999-2004 Max Krasnyansky <maxk@qualcomm.com>
[    1.891267] PPP generic driver version 2.4.2
[    1.893417] ehci_hcd: USB 2.0 'Enhanced' Host Controller (EHCI) Driver
[    1.896074] ehci-pci: EHCI PCI platform driver
[    1.898158] ehci-platform: EHCI generic platform driver
[    1.900419] ohci_hcd: USB 1.1 'Open' Host Controller (OHCI) Driver
[    1.903182] ohci-pci: OHCI PCI platform driver
[    1.905397] ohci-platform: OHCI generic platform driver
[    1.907671] uhci_hcd: USB Universal Host Controller Interface driver
[    1.910382] i8042: PNP: PS/2 Controller [PNP0303:PS2K,PNP0f03:PS2M] at 0x60,0x64 irq 1,12
[    1.914860] serio: i8042 KBD port at 0x60,0x64 irq 1
[    1.917059] serio: i8042 AUX port at 0x60,0x64 irq 12
[    1.919683] mousedev: PS/2 mouse device common for all mice
[    1.923092] input: AT Translated Set 2 keyboard as /devices/platform/i8042/serio0/input/input2
[    1.927388] rtc_cmos rtc_cmos: rtc core: registered rtc_cmos as rtc0
[    1.930495] rtc_cmos rtc_cmos: alarms up to one day, 114 bytes nvram
[    1.933116] i2c /dev entries driver
[    1.935085] device-mapper: uevent: version 1.0.3
[    1.937706] device-mapper: ioctl: 4.34.0-ioctl (2015-10-28) initialised: dm-devel@redhat.com
[    1.941533] ledtrig-cpu: registered to indicate activity on CPUs
[    1.945151] NET: Registered protocol family 10
[    1.947545] NET: Registered protocol family 17
[    1.949620] Key type dns_resolver registered
[    1.952625] registered taskstats version 1
[    1.954726] Loading compiled-in X.509 certificates
[    1.957915] Loaded X.509 cert 'Build time autogenerated kernel key: bff73e56bc0efa7435b2a24f5427674623f1be80'
[    1.962162] zswap: loaded using pool lzo/zbud
[    1.967308] Key type trusted registered
[    1.974752] Key type encrypted registered
[    1.976702] AppArmor: AppArmor sha1 policy hashing enabled
[    1.979038] ima: No TPM chip found, activating TPM-bypass!
[    1.981465] ima: Allocated hash algorithm: sha1
[    1.983651] evm: HMAC attrs: 0x1
[    1.986101]   Magic number: 11:483:940
[    1.988327] rtc_cmos rtc_cmos: setting system clock to 2019-03-15 14:54:19 UTC (1552661659)
[    1.992884] BIOS EDD facility v0.16 2004-Jun-25, 0 devices found
[    1.995421] EDD information not available.
[    2.045459] Freeing unused kernel memory: 1484K
[    2.047606] Write protecting the kernel read-only data: 14336k
[    2.051239] Freeing unused kernel memory: 1624K
[    2.053919] Freeing unused kernel memory: 92K
Loading, please wait...
starting version 229
[    2.077647] random: systemd-udevd: uninitialized urandom read (16 bytes read, 3 bits of entropy available)
[    2.078788] random: udevadm: uninitialized urandom read (16 bytes read, 3 bits of entropy available)
[    2.078821] random: udevadm: uninitialized urandom read (16 bytes read, 3 bits of entropy available)
[    2.092820] random: systemd-udevd: uninitialized urandom read (16 bytes read, 3 bits of entropy available)
[    2.097803] random: systemd-udevd: uninitialized urandom read (16 bytes read, 3 bits of entropy available)
[    2.099073] random: udevadm: uninitialized urandom read (16 bytes read, 3 bits of entropy available)
[    2.099156] random: udevadm: uninitialized urandom read (16 bytes read, 3 bits of entropy available)
[    2.099451] random: udevadm: uninitialized urandom read (16 bytes read, 3 bits of entropy available)
[    2.099607] random: udevadm: uninitialized urandom read (16 bytes read, 3 bits of entropy available)
[    2.099716] random: udevadm: uninitialized urandom read (16 bytes read, 3 bits of entropy available)
[    2.226766] Fusion MPT base driver 3.04.20
[    2.229221] Copyright (c) 1999-2008 LSI Corporation
[    2.251879] e1000: Intel(R) PRO/1000 Network Driver - version 7.3.21-k8-NAPI
[    2.256324] e1000: Copyright (c) 1999-2006 Intel Corporation.
[    2.296761] Fusion MPT SPI Host driver 3.04.20
[    2.299540] AVX2 version of gcm_enc/dec engaged.
[    2.302113] AES CTR mode by8 optimization enabled
[    2.469452] input: ImExPS/2 Generic Explorer Mouse as /devices/platform/i8042/serio1/input/input4
[    2.735107] e1000 0000:00:03.0 eth0: (PCI:33MHz:32-bit) 02:a9:46:80:4d:77
[    2.738868] e1000 0000:00:03.0 eth0: Intel(R) PRO/1000 Network Connection
[    2.752328] tsc: Refined TSC clocksource calibration: 2593.774 MHz
[    2.755146] clocksource: tsc: mask: 0xffffffffffffffff max_cycles: 0x256342a733c, max_idle_ns: 440795207644 ns
[    3.182459] e1000 0000:00:08.0 eth1: (PCI:33MHz:32-bit) 08:00:27:02:5a:1f
[    3.185330] e1000 0000:00:08.0 eth1: Intel(R) PRO/1000 Network Connection
[    3.191300] e1000 0000:00:03.0 enp0s3: renamed from eth0
[    3.194400] mptbase: ioc0: Initiating bringup
[    3.208693] e1000 0000:00:08.0 enp0s8: renamed from eth1
[    3.305486] ioc0: LSI53C1030 A0: Capabilities={Initiator}
[    4.253031] scsi host2: ioc0: LSI53C1030 A0, FwRev=00000000h, Ports=1, MaxQ=256, IRQ=20
[    4.412108] scsi 2:0:0:0: Direct-Access     VBOX     HARDDISK         1.0  PQ: 0 ANSI: 5
[    4.416827] scsi target2:0:0: Beginning Domain Validation
[    4.422481] scsi target2:0:0: Domain Validation skipping write tests
[    4.425673] scsi target2:0:0: Ending Domain Validation
[    4.459842] scsi target2:0:0: asynchronous
[    4.463147] scsi 2:0:1:0: Direct-Access     VBOX     HARDDISK         1.0  PQ: 0 ANSI: 5
[    4.467548] scsi target2:0:1: Beginning Domain Validation
[    4.472999] scsi target2:0:1: Domain Validation skipping write tests
[    4.476221] scsi target2:0:1: Ending Domain Validation
[    4.479151] scsi target2:0:1: asynchronous
[    4.493792] sd 2:0:0:0: [sda] 20971520 512-byte logical blocks: (10.7 GB/10.0 GiB)
[    4.494013] sd 2:0:0:0: Attached scsi generic sg0 type 0
[    4.495100] sd 2:0:1:0: [sdb] 20480 512-byte logical blocks: (10.5 MB/10.0 MiB)
[    4.495485] sd 2:0:1:0: [sdb] Write Protect is off
[    4.495759] sd 2:0:1:0: [sdb] Incomplete mode parameter data
[    4.495763] sd 2:0:1:0: [sdb] Assuming drive cache: write through
[    4.496882] sd 2:0:1:0: Attached scsi generic sg1 type 0
[    4.499806] sd 2:0:1:0: [sdb] Attached SCSI disk
[    4.519652] sd 2:0:0:0: [sda] Write Protect is off
[    4.522386] sd 2:0:0:0: [sda] Incomplete mode parameter data
[    4.525288] sd 2:0:0:0: [sda] Assuming drive cache: write through
[    4.530543]  sda: sda1
[    4.533485] sd 2:0:0:0: [sda] Attached SCSI disk
Begin: Loading essential drivers ... [    6.520387] md: linear personality registered for level -1
[    6.527989] md: multipath personality registered for level -4
[    6.534913] md: raid0 personality registered for level 0
[    6.544458] md: raid1 personality registered for level 1
[    6.621470] raid6: sse2x1   gen()  2513 MB/s
[    6.687873] raid6: sse2x1   xor()  1547 MB/s
[    6.756259] raid6: sse2x2   gen()  3684 MB/s
[    6.823549] raid6: sse2x2   xor()  2374 MB/s
[    6.891882] raid6: sse2x4   gen()  6245 MB/s
[    6.960248] raid6: sse2x4   xor()  3758 MB/s
[    7.027613] raid6: avx2x1   gen()  5149 MB/s
[    7.095956] raid6: avx2x2   gen()  9393 MB/s
[    7.164302] raid6: avx2x4   gen() 12658 MB/s
[    7.166284] raid6: using algorithm avx2x4 gen() 12658 MB/s
[    7.168800] raid6: using avx2x2 recovery algorithm
[    7.173461] xor: automatically using best checksumming function:
[    7.215570]    avx       : 14928.000 MB/sec
[    7.220050] async_tx: api initialized (async)
[    7.239730] md: raid6 personality registered for level 6
[    7.242461] md: raid5 personality registered for level 5
[    7.245176] md: raid4 personality registered for level 4
[    7.259530] md: raid10 personality registered for level 10
done.
Begin: Running /scripts/init-premount ... done.
Begin: Mounting root file system ... Begin: Running /scripts/local-top ... done.
Begin: Running /scripts/local-premount ... [    7.326641] Btrfs loaded
Scanning for Btrfs filesystems
done.
Warning: fsck not present, so skipping root file system
[    7.377638] EXT4-fs (sda1): mounted filesystem with ordered data mode. Opts: (null)
done.
Begin: Running /scripts/local-bottom ... done.
Begin: Running /scripts/init-bottom ... done.
[    7.527527] systemd[1]: systemd 229 running in system mode. (+PAM +AUDIT +SELINUX +IMA +APPARMOR +SMACK +SYSVINIT +UTMP +LIBCRYPTSETUP +GCRYPT +GNUTLS +ACL +XZ -LZ4 +SECCOMP +BLKID +ELFUTILS +KMOD -IDN)
[    7.535535] systemd[1]: Detected virtualization oracle.
[    7.538156] systemd[1]: Detected architecture x86-64.

Welcome to [1mUbuntu 16.04.5 LTS[0m!

[    7.544817] systemd[1]: Set hostname to <ubuntu>.
[    7.550122] systemd[1]: Initializing machine ID from random generator.
[    7.553242] systemd[1]: Installed transient /etc/machine-id file.
[    7.734579] systemd[1]: Created slice System Slice.
[[0;32m  OK  [0m] Created slice System Slice.
[    7.745256] systemd[1]: Created slice system-serial\x2dgetty.slice.
[[0;32m  OK  [0m] Created slice system-serial\x2dgetty.slice.
[    7.749268] systemd[1]: Listening on LVM2 poll daemon socket.
[[0;32m  OK  [0m] Listening on LVM2 poll daemon socket.
[    7.760486] systemd[1]: Set up automount Arbitrary Executable File Formats File System Automount Point.
[[0;32m  OK  [0m] Set up automount Arbitrary Executab...ats File System Automount Point.
[    7.772048] systemd[1]: Started Trigger resolvconf update for networkd DNS.
[[0;32m  OK  [0m] Started Trigger resolvconf update for networkd DNS.
[    7.776052] systemd[1]: Listening on udev Kernel Socket.
[[0;32m  OK  [0m] Listening on udev Kernel Socket.
[    7.783836] systemd[1]: Listening on /dev/initctl Compatibility Named Pipe.
[[0;32m  OK  [0m] Listening on /dev/initctl Compatibility Named Pipe.
[    7.788121] systemd[1]: Reached target Swap.
[[0;32m  OK  [0m] Reached target Swap.
[    7.791280] systemd[1]: Listening on Journal Audit Socket.
[[0;32m  OK  [0m] Listening on Journal Audit Socket.
[    7.800310] systemd[1]: Reached target System Time Synchronized.
[[0;32m  OK  [0m] Reached target System Time Synchronized.
[    7.812497] systemd[1]: Created slice User and Session Slice.
[[0;32m  OK  [0m] Created slice User and Session Slice.
[    7.824658] systemd[1]: Listening on Journal Socket.
[[0;32m  OK  [0m] Listening on Journal Socket.
[    7.848011] systemd[1]: Starting Create list of required static device nodes for the current kernel...
         Starting Create list of required st... nodes for the current kernel...
[    7.861870] systemd[1]: Starting Nameserver information manager...
         Starting Nameserver information manager...
[    7.874080] systemd[1]: Mounting POSIX Message Queue File System...
         Mounting POSIX Message Queue File System...
[    7.885570] systemd[1]: Starting Remount Root and Kernel File Systems...
         Starting Remount Root and Kernel File Systems...
[    7.892028] EXT4-fs (sda1): re-mounted. Opts: (null)
[    7.892276] systemd[1]: Listening on Journal Socket (/dev/log).
[[0;32m  OK  [0m] Listening on Journal Socket (/dev/log).
[    7.904768] systemd[1]: Listening on LVM2 metadata daemon socket.
[[0;32m  OK  [0m] Listening on LVM2 metadata daemon socket.
[    7.928145] systemd[1]: Starting Load Kernel Modules...
         Starting Load Kernel Modules...
[    7.934193] systemd[1]: Listening on Syslog Socket.
[[0;32m  OK  [0m] Listening on Syslog Socket.
[    7.944171] Loading iSCSI transport class v2.0-870.
[    7.945759] systemd[1]: Starting Journal Service...
         Starting Journal Service...
[    7.952363] systemd[1]: Mounting Huge Pages File System...
         Mounting Huge Pages File System...
[    7.961342] systemd[1]: Reached target Encrypted Volumes.
[[0;32m  OK  [0m] Reached target Encrypted Volumes.
[    7.968294] systemd[1]: Listening on udev Control Socket.
[[0;32m  OK  [0m] Listening on udev Control Socket.
[    7.973300] iscsi: registered transport (tcp)
[    7.974776] systemd[1]: Reached target Slices.
[[0;32m  OK  [0m] Reached target Slices.
[    7.985643] systemd[1]: Starting Set console keymap...
         Starting Set console keymap...
[    7.991485] systemd[1]: Mounting Debug File System...
         Mounting Debug File System...
[    7.997032] systemd[1]: Starting Uncomplicated firewall...
         Starting Uncomplicated firewall...
[    8.004181] systemd[1]: Started Forward Password Requests to Wall Directory Watch.
[[0;32m  OK  [0m] Started Forward Password Requests to Wall Directory Watch.
[    8.011638] systemd[1]: Reached target User and Group Name Lookups.
[[0;32m  OK  [0m] Reached target User and Group Name Lookups.
[    8.017248] systemd[1]: Listening on Device-mapper event daemon FIFOs.
[[0;32m  OK  [0m] Listening on Device-mapper event daemon FIFOs.
[    8.044244] systemd[1]: Starting Monitoring of LVM2 mirrors, snapshots etc. using dmeventd or progress polling...
         Starting Monitoring of LVM2 mirrors... dmeventd or progress polling...
[    8.059146] systemd[1]: Mounted Huge Pages File System.
[[0;32m  OK  [0m] Mounted Huge Pages File System.
[    8.063207] systemd[1]: Mounted Debug File System.
[[0;32m  OK  [0m] Mounted Debug File System.
[    8.068059] systemd[1]: Mounted POSIX Message Queue File System.
[[0;32m  OK  [0m] Mounted POSIX Message Queue File System.
[    8.080082] systemd[1]: Started Journal Service.
[[0;32m  OK  [0m] Started Journal Service.
[[0;32m  OK  [0m] Started Create list of required sta...ce nodes for the curre[    8.094643] iscsi: registered transport (iser)
nt kernel.
[[0;32m  OK  [0m] Started Remount Root and Kernel File Systems.
[[0;32m  OK  [0m] Started Load Kernel Modules.
[[0;32m  OK  [0m] Started Uncomplicated firewall.
[[0;32m  OK  [0m] Started Nameserver information manager.
[[0;32m  OK  [0m] Started Set console keymap.
[[0;32m  OK  [0m] Started LVM2 metadata daemon.
         Mounting FUSE Control File System...
         Starting Apply Kernel Variables...
         Starting Load/Save Random Seed...
         Starting udev Coldplug all Devices...
         Starting Create Static Device Nodes in /dev...
         Starting Flush Journal to Persistent Storage...
[[0;32m  OK  [0m] Mounted FUSE Control File System.
[[0;32m  OK  [0m] Started Apply Kernel Variables.
[[0;32m  OK  [0m] Started Load/Save Random Seed.
[[0;32m  OK  [0m] Started Create Static Device Nodes in /dev.
[[0;32m  OK  [0m] Started Flush Journal to Persistent Storage.
[[0;32m  OK  [0m] Started udev Coldplug all Devices.
         Starting udev Kernel Device Manager...
[[0;32m  OK  [0m] Started udev Kernel Device Manager.
[[0;32m  OK  [0m] Started Dispatch Password Requests to Console Directory Watch.
[[0;32m  OK  [0m] Started Monitoring of LVM2 mirrors,...ng dmeventd or progress polling.
[[0;32m  OK  [0m] Reached target Local File Systems (Pre).
[[0;32m  OK  [0m] Reached target Local File Systems.
         Starting Initial cloud-init job (pre-networking)...
         Starting LSB: AppArmor initialization...
         Starting Commit a transient machine-id on disk...
         Starting Tell Plymouth To Write Out Runtime Data...
         Starting Set console font and keymap...
         Starting Create Volatile Files and Directories...
[[0;32m  OK  [0m] Started Tell Plymouth To Write Out Runtime Data.
[[0;32m  OK  [0m] Started Create Volatile Files and Directories.
[[0;32m  OK  [0m] Started Commit a transient machine-id on disk.
         Starting Update UTMP about System Boot/Shutdown...
[[0;32m  OK  [0m] Started Update UTMP about System Boot/Shutdown.
[[0;32m  OK  [0m] Found device /dev/ttyS0.
[[0;32m  OK  [0m] Listening on Load/Save RF Kill Switch Status /dev/rfkill Watch.
[   11.056217] cloud-init[477]: Cloud-init v. 18.4-0ubuntu1~16.04.2 running 'init-local' at Fri, 15 Mar 2019 14:54:28 +0000. Up 9.98 seconds.
[[0;32m  OK  [0m] Started Initial cloud-init job (pre-networking).
[[0;32m  OK  [0m] Reached target Network (Pre).
[[0;32m  OK  [0m] Started Set console font and keymap.
[[0;32m  OK  [0m] Started LSB: AppArmor initialization.
         Starting Raise network interfaces...
[[0;32m  OK  [0m] Created slice system-getty.slice.
[[0;32m  OK  [0m] Started Raise network interfaces.
[[0;32m  OK  [0m] Reached target Network.
         Starting Initial cloud-init job (metadata service crawler)...
[   15.574667] cloud-init[950]: Cloud-init v. 18.4-0ubuntu1~16.04.2 running 'init' at Fri, 15 Mar 2019 14:54:32 +0000. Up 14.40 seconds.
[   15.584690] cloud-init[950]: ci-info: ++++++++++++++++++++++++++++++++++++++Net device info+++++++++++++++++++++++++++++++++++++++
[   15.592626] cloud-init[950]: ci-info: +--------+-------+----------------------------+---------------+--------+-------------------+
[   15.594904] cloud-init[950]: ci-info: | Device |   Up  |          Address           |      Mask     | Scope  |     Hw-Address    |
[   15.597266] cloud-init[950]: ci-info: +--------+-------+----------------------------+---------------+--------+-------------------+
[   15.599543] cloud-init[950]: ci-info: | enp0s3 |  True |         10.0.2.15          | 255.255.255.0 | global | 02:a9:46:80:4d:77 |
[   15.609111] cloud-init[950]: ci-info: | enp0s3 |  True | fe80::a9:46ff:fe80:4d77/64 |       .       |  link  | 02:a9:46:80:4d:77 |
[   15.610849] cloud-init[950]: ci-info: | enp0s8 | False |             .              |       .       |   .    | 08:00:27:02:5a:1f |
[   15.620806] cloud-init[950]: ci-info: |   lo   |  True |         127.0.0.1          |   255.0.0.0   |  host  |         .         |
[   15.622983] cloud-init[950]: ci-info: |   lo   |  True |          ::1/128           |       .       |  host  |         .         |
[   15.632602] cloud-init[950]: ci-info: +--------+-------+----------------------------+---------------+--------+-------------------+
[   15.634908] cloud-init[950]: ci-info: +++++++++++++++++++++++++++Route IPv4 info++++++++++++++++++++++++++++
[   15.644562] cloud-init[950]: ci-info: +-------+-------------+----------+---------------+-----------+-------+
[   15.653020] cloud-init[950]: ci-info: | Route | Destination | Gateway  |    Genmask    | Interface | Flags |
[   15.660762] cloud-init[950]: ci-info: +-------+-------------+----------+---------------+-----------+-------+
[   15.668995] cloud-init[950]: ci-info: |   0   |   0.0.0.0   | 10.0.2.2 |    0.0.0.0    |   enp0s3  |   UG  |
[[   15.680656] [0;32m  OK  [0m] Started Initial cloud-init job (metadata service crawler).
cloud-init[950]: ci-info: |   1   |   10.0.2.0  | 0.0.0.0  | 255.255.255.0 |   enp0s3  |   U   |
[   15.684166] [[0;32m  OK  [0m] Reached target System Initialization.
         Starting Socket activation for snappy daemon.
cloud-init[950]: ci-info: +-------+-------------+----------+---------------+-----------+-------+
[   15.688129] cloud-init[950]: ci-info: +++++++++++++++++++Route IPv6 info+++++++++++++++++++
[   15.689736] cloud-init[950]: ci-info: +-------+-------------+---------+-----------+-------+
[   15.691396] cloud-init[950]: ci-info: | Route | Destination | Gateway | Interface | Flags |         Starting LXD - unix socket.

[[0;32m  OK  [0m] Started Daily Cleanup of Temporary Directories.
[[0;32m  OK  [0m] Listening on D-Bus System Message Bus Socket.
[[0;32m  OK  [0m] Listening on UUID daemon activation socket.
[[0;32m  OK  [0m] Started Daily apt download activities.
[   15.696852] [[0;32m  OK  [0m] Started ACPI Events Check.
cloud-init[[0;32m  OK  [0m] Reached target Paths.
[950]: [[0;32m  OK  [0m] Started Daily apt upgrade and clean activities.
ci-info: +-------+-------------+---------+-----------+-------+[[0;32m  OK  [0m] Reached target Timers.

[[0;32m  OK  [0m] Listening on ACPID Listen Socket.
[[0;32m  OK  [0m] Reached target Cloud-config availability.
[[0;32m  OK  [0m] Reached target Network is Online.
[   15.709007] cloud-init[950]: ci-info: |   0   |  fe80::/64  |    ::   |   enp0s3  |   U   |
[   15.716513] cloud-init[950]: ci-info: |   3   |   ff00::/8  |    ::   |   enp0s3  |   U   |
         [   15.716849] cloud-init[950]: ci-info: +-------+-------------+---------+-----------+-------+
Starting iSCSI initiator daemon (iscsid)...[   15.718519] cloud-init[950]: Generating public/private rsa key pair.

[   15.720489] cloud-init[950]: Your identification has been saved in /etc/ssh/ssh_host_rsa_key.
[   15.721591] cloud-init[950]: Your public key has been saved in /etc/ssh/ssh_host_rsa_key.pub.
[   15.721920] cloud-init[950]: The key fingerprint is:
[   15.722286] cloud-init[950]: SHA256:DNbbg9ODn8dC5HEIiFfgXJq03HLSkc1YI/02Udyagk4 root@ubuntu-xenial
[   15.722618] cloud-init[950]: The key's randomart image is:
[   15.722967] cloud-init[950]: +---[RSA 2048]----+
[   15.723148] cloud-init[950]: |     .o+*Bo  o.. |
[   15.723379] cloud-init[950]: |    .=oOo++o. . .|
[   15.723552] cloud-init[950]: |     .% = +o.. o |
[   15.723733] cloud-init[950]: |     . * OEo= o  |
[   15.723919] cloud-init[950]: |        SoB. o   |
[   15.724283] cloud-init[950]: |         +.=     |
[   15.724482] cloud-init[950]: |          + o    |
[   15.724661] cloud-init[950]: |           o     |
[   15.724853] cloud-init[950]: |                 |
[   15.725029] cloud-init[950]: +----[SHA256]-----+
[   15.725228] cloud-init[950]: Generating public/private dsa key pair.
[   15.725409] cloud-init[950]: Your identification has been saved in /etc/ssh/ssh_host_dsa_key.
[   15.725586] cloud-init[950]: Your public key has been saved in /etc/ssh/ssh_host_dsa_key.pub.
[   15.725773] cloud-init[950]: The key fingerprint is:
[   15.725954] cloud-init[950]: SHA256:ticvPctUj0b+W3yY1zXH2hdtDmEDwN3gOkYsIdf1/PI root@ubuntu-xenial
[   15.726189] cloud-init[950]: The key's randomart image is:
[   15.726319] cloud-init[950]: +---[DSA 1024]----+
[   15.726529] cloud-init[950]: |      . oo.++o   |
[   15.726742] cloud-init[950]: |       o oo..+.  |
[   15.726952] cloud-init[950]: |        . o . *  |
[   15.727181] cloud-init[950]: |         o . . =.|
[   15.727394] cloud-init[950]: |        S + o ooB|
[   15.727606] cloud-init[950]: |       . o = o %*|
[   15.727816] cloud-init[950]: |        o.o + = E|
[   15.728091] cloud-init[950]: |        .*o. . oo|
[   15.728460] cloud-init[950]: |         .+o  o. |
[   15.728649] cloud-init[950]: +----[SHA256]-----+
[   15.728830] cloud-init[950]: Generating public/private ecdsa key pair.
[   15.729038] cloud-init[950]: Your identification has been saved in /etc/ssh/ssh_host_ecdsa_key.
[   15.729400] cloud-init[950]: Your public key has been saved in /etc/ssh/ssh_host_ecdsa_key.pub.
[   15.729581] cloud-init[950]: The key fingerprint is:
[   15.729764] cloud-init[950]: SHA256:xErs5+x7ISHSMp5YpSEUrTiQICwuPJ4cta05UGp4Jl8 root@ubuntu-xenial
[   15.729953] cloud-init[950]: The key's randomart image is:
[   15.730143] cloud-init[950]: +---[ECDSA 256]---+
[   15.730326] cloud-init[950]: |=ooo             |
[   15.730641] cloud-init[950]: |=..oo...         |
[   15.730820] cloud-init[950]: |*.+oo=o o        |
[   15.731038] cloud-init[950]: |*O+.E+oo.        |
[   15.731352] cloud-init[950]: |=*==o=o.S.       |
[   15.731536] cloud-init[950]: | +o+o  +. .      |
[   15.731727] cloud-init[950]: |    .   o. .     |
[   15.731916] cloud-init[950]: |       .  .      |
[   15.732441] cloud-init[950]: |        oo       |
[   15.732634] cloud-init[950]: +----[SHA256]-----+
[   15.732812] cloud-init[950]: Generating public/private ed25519 key pair.
[   15.733195] cloud-init[950]: Your identification has been saved in /etc/ssh/ssh_host_ed25519_key.
[   15.733380] cloud-init[950]: Your public key has been saved in /etc/ssh/ssh_host_ed25519_key.pub.
[   15.733567] cloud-init[950]: The key fingerprint is:
[   15.733744] cloud-init[950]: SHA256:2ngKPachM5e9rtDFAD4+Ag1yPX96Wlb9JHGXYunvUaE root@ubuntu-xenial
[   15.733972] cloud-init[950]: The key's randomart image is:
[   15.734147] cloud-init[950]: +--[ED25519 256]--+
[   15.734329] cloud-init[950]: |o ...         . .|
[   15.734513] cloud-init[950]: |.+ .o.      .+.o.|
[   15.735039] cloud-init[950]: |. . oo.    .ooo..|
[   15.735278] cloud-init[950]: | . . ..o. . oE. .|
[   15.735466] cloud-init[950]: |  . o  oS.   +. .|
[   15.735667] cloud-init[950]: |   . +.B+     .o |
[   15.735843] cloud-init[950]: |    * X==     . .|
[   15.736073] cloud-init[950]: |     B.B .     . |
[   15.736472] cloud-init[950]: |      +oo        |
[   15.736676] cloud-init[950]: +----[SHA256]-----+
[[0;32m  OK  [0m] Listening on Socket activation for snappy daemon.
[[0;32m  OK  [0m] Listening on LXD - unix socket.
[[0;32m  OK  [0m] Reached target Sockets.
[[0;32m  OK  [0m] Reached target Basic System.
         Starting System Logging Service...
[[0;32m  OK  [0m] Started D-Bus System Message Bus.
[[0;32m  OK  [0m] Started Unattended Upgrades Shutdown.
         Starting Virtualbox guest utils...
[[0;32m  OK  [0m] Started FUSE filesystem for LXC.
[[0;32m  OK  [0m] Started ACPI event daemon.
         Starting LSB: MD monitoring daemon...
[[0;32m  OK  [0m] Started Regular background program processing daemon.
         Starting LXD - container startup/shutdown...
         Starting LSB: Record successful boot for GRUB...
         Starting Accounts Service...
[[0;32m  OK  [0m] Started Deferred execution scheduler.
         Starting Login Service...
         Starting Pollinate to seed the pseudo random number generator...
         Starting /etc/rc.local Compatibility...
         Starting Snappy daemon...
[[0;32m  OK  [0m] Started System Logging Service.
[[0;32m  OK  [0m] Started iSCSI initiator daemon (iscsid).
[[0;32m  OK  [0m] Started /etc/rc.local Compatibility.
[[0;32m  OK  [0m] Started LSB: MD monitoring daemon.
[[0;32m  OK  [0m] Started LXD - container startup/shutdown.
[[0;32m  OK  [0m] Started Login Service.
         Starting Authenticate and Authorize Users to Run Privileged Tasks...
         Starting Login to default iSCSI targets...
[[0;32m  OK  [0m] Started LSB: Record successful boot for GRUB.
[[0;32m  OK  [0m] Started Virtualbox guest utils.
[[0;32m  OK  [0m] Started Authenticate and Authorize Users to Run Privileged Tasks.
[[0;32m  OK  [0m] Started Accounts Service.
[[0;32m  OK  [0m] Started Login to default iSCSI targets.
[[0;32m  OK  [0m] Reached target Remote File Systems (Pre).
[[0;32m  OK  [0m] Reached target Remote File Systems.
         Starting LSB: daemon to balance interrupts for SMP systems...
         Starting LSB: Set the CPU Frequency Scaling governor to "ondemand"...
         Starting Permit User Sessions...
         Starting LSB: automatic crash report generation...
[[0;32m  OK  [0m] Started Permit User Sessions.
         Starting Hold until boot process finishes up...
         Starting Terminate Plymouth Boot Screen...
[[0;32m  OK  [0m] Started Snappy daemon.
[[0;32m  OK  [0m] Started Hold until boot process finishes up.
[[0;32m  OK  [0m] Started LSB: Set the CPU Frequency Scaling governor to "ondemand".
[[0;32m  OK  [0m] Started LSB: daemon to balance interrupts for SMP systems.
[[0;32m  OK  [0m] Started Terminate Plymouth Boot Screen.
[[0;32m  OK  [0m] Started LSB: automatic crash report generation.
[[0;32m  OK  [0m] Started Getty on tty1.
         Starting Set console scheme...
[[0;32m  OK  [0m] Started Serial Getty on ttyS0.
[[0;32m  OK  [0m] Reached target Login Prompts.
         Starting Wait until snapd is fully seeded...
[[0;32m  OK  [0m] Started Set console scheme.
[[0;32m  OK  [0m] Started Pollinate to seed the pseudo random number generator.
         Starting OpenBSD Secure Shell server...
[[0;32m  OK  [0m] Started OpenBSD Secure Shell server.
[[0;32m  OK  [0m] Created slice User Slice of vagrant.
         Starting User Manager for UID 1000...
[[0;32m  OK  [0m] Started Session 1 of user vagrant.
[[0;32m  OK  [0m] Started User Manager for UID 1000.
[[0;32m  OK  [0m] Started Wait until snapd is fully seeded.
         Starting Apply the settings specified in cloud-config...
[[0;32m  OK  [0m] Reached target Multi-User System.
[[0;32m  OK  [0m] Reached target Graphical Interface.
         Starting Update UTMP about System Runlevel Changes...
[[0;32m  OK  [0m] Started Update UTMP about System Runlevel Changes.
[   20.538113] cloud-init[1345]: Generating locales (this might take a while)...

Ubuntu 16.04.5 LTS ubuntu-xenial ttyS0

ubuntu-xenial login: [   23.870207] cloud-init[1345]:   en_US.UTF-8... done
[   23.875421] cloud-init[1345]: Generation complete.
[   24.692451] cloud-init[1345]: Cloud-init v. 18.4-0ubuntu1~16.04.2 running 'modules:config' at Fri, 15 Mar 2019 14:54:38 +0000. Up 20.21 seconds.
ci-info: no authorized ssh keys fingerprints found for user ubuntu.
<14>Mar 15 14:54:44 ec2: 
<14>Mar 15 14:54:44 ec2: #############################################################
<14>Mar 15 14:54:44 ec2: -----BEGIN SSH HOST KEY FINGERPRINTS-----
<14>Mar 15 14:54:44 ec2: 1024 SHA256:ticvPctUj0b+W3yY1zXH2hdtDmEDwN3gOkYsIdf1/PI root@ubuntu-xenial (DSA)
<14>Mar 15 14:54:44 ec2: 256 SHA256:xErs5+x7ISHSMp5YpSEUrTiQICwuPJ4cta05UGp4Jl8 root@ubuntu-xenial (ECDSA)
<14>Mar 15 14:54:44 ec2: 256 SHA256:2ngKPachM5e9rtDFAD4+Ag1yPX96Wlb9JHGXYunvUaE root@ubuntu-xenial (ED25519)
<14>Mar 15 14:54:44 ec2: 2048 SHA256:DNbbg9ODn8dC5HEIiFfgXJq03HLSkc1YI/02Udyagk4 root@ubuntu-xenial (RSA)
<14>Mar 15 14:54:44 ec2: -----END SSH HOST KEY FINGERPRINTS-----
<14>Mar 15 14:54:44 ec2: #############################################################
-----BEGIN SSH HOST KEY KEYS-----
ecdsa-sha2-nistp256 AAAAE2VjZHNhLXNoYTItbmlzdHAyNTYAAAAIbmlzdHAyNTYAAABBBAVERHrDZIzsmqUaoY/TUtoOqVbvYgZgQ3oy4yi/VZuJA/s/92K1YS4OQDGhCXQSOjvrld2Lj0xDHz49hIayw/w= root@ubuntu-xenial
ssh-ed25519 AAAAC3NzaC1lZDI1NTE5AAAAIIL+6emlhyJBen+TsXFJTjQyu1YMk+wfR06K6ii/fXF9 root@ubuntu-xenial
ssh-rsa AAAAB3NzaC1yc2EAAAADAQABAAABAQDHTk9Dx2yvvnCrFLXMkFq7iw63s1QHmqrykf0LIhqkTflghP+Vb5USS7dsErZKl6ie5ouspx82KLJ+qQeUQeB2CaLxWAOAiNYPCLOQXkymsg0jeHirebmDTJEgmHOrEWb+mjj2RkOoaDBIT7m3xy4g/2uhNFY+nPNzAVJikjqdHhS9f5pO9p82byIrzIoUq4cJyox6/kRNMCXHgrYdvr0Ykd31HDcEDP+LKvjfbMcygz+DZJoMKq990UXUrolKQgTDj1+1xZJ3o8rMrXQcV5J3ZqS8ySYFgZt/nSm2yTw/9oI2nKaYBjt9MpJQ6VOlvNVLjqp7eOG66uAh+K4gZYaz root@ubuntu-xenial
-----END SSH HOST KEY KEYS-----
[   25.960827] cloud-init[1520]: Cloud-init v. 18.4-0ubuntu1~16.04.2 running 'modules:final' at Fri, 15 Mar 2019 14:54:43 +0000. Up 25.62 seconds.
[   25.961522] cloud-init[1520]: ci-info: no authorized ssh keys fingerprints found for user ubuntu.
[   25.962216] cloud-init[1520]: Cloud-init v. 18.4-0ubuntu1~16.04.2 finished at Fri, 15 Mar 2019 14:54:44 +0000. Datasource DataSourceNoCloud [seed=/dev/sdb][dsmode=net].  Up 25.93 seconds
